// Vitest Snapshot v1, https://vitest.dev/guide/snapshot.html

exports[`Bio > Default 1`] = `"<div id="bio" data-astro-cid-yljsttrw> <div id="profile" data-astro-cid-yljsttrw> <picture data-astro-cid-yljsttrw> <source srcset="https://github.com/withastro.png" type="image/avif"><source srcset="https://github.com/withastro.png" type="image/webp"><source srcset="https://github.com/withastro.png" type="image/jpeg"> <img src="https://github.com/withastro.png" data-image-component="true" alt="Bio Name's avatar" data-astro-cid-yljsttrw width="460" height="460" loading="lazy" decoding="async"> </picture> <h1 data-astro-cid-yljsttrw>Bio Name</h1> </div> <p data-astro-cid-yljsttrw>Bio Description</p> </div> "`;

exports[`Bio > Japanese 1`] = `"<div id="bio" data-astro-cid-yljsttrw> <div id="profile" data-astro-cid-yljsttrw> <picture data-astro-cid-yljsttrw> <source srcset="https://github.com/withastro.png" type="image/avif"><source srcset="https://github.com/withastro.png" type="image/webp"><source srcset="https://github.com/withastro.png" type="image/jpeg"> <img src="https://github.com/withastro.png" data-image-component="true" alt="名前's avatar" data-astro-cid-yljsttrw width="460" height="460" loading="lazy" decoding="async"> </picture> <h1 data-astro-cid-yljsttrw>名前</h1> </div> <p data-astro-cid-yljsttrw>説明</p> </div> "`;

exports[`Bio > Long 1`] = `"<div id="bio" data-astro-cid-yljsttrw> <div id="profile" data-astro-cid-yljsttrw> <picture data-astro-cid-yljsttrw> <source srcset="https://github.com/withastro.png" type="image/avif"><source srcset="https://github.com/withastro.png" type="image/webp"><source srcset="https://github.com/withastro.png" type="image/jpeg"> <img src="https://github.com/withastro.png" data-image-component="true" alt="Long Long Long Long Long Long Long Long Long Long Long Long Long Long Long Long Long Long Long Long Long Long Long Long Bio Name's avatar" data-astro-cid-yljsttrw width="460" height="460" loading="lazy" decoding="async"> </picture> <h1 data-astro-cid-yljsttrw>Long Long Long Long Long Long Long Long Long Long Long Long Long Long Long Long Long Long Long Long Long Long Long Long Bio Name</h1> </div> <p data-astro-cid-yljsttrw>Long Long Long Long Long Long Long Long Long Long Long Long Long Long Long Long Long Long Long Long Long Long Long Long Bio Description</p> </div> "`;
